[debug] [2026-09-12T19:18:24.154Z] ----------------------------------------------------------------------
[debug] [2026-09-12T19:18:24.157Z] Command:       C:\Program Files\nodejs\node.exe C:\Users\Gaming\AppData\Roaming\npm\node_modules\firebase-tools\lib\bin\firebase.js init
[debug] [2026-09-12T19:18:24.157Z] CLI Version:   15.30.0
[debug] [2026-09-12T19:18:24.157Z] Platform:      win32
[debug] [2026-09-12T19:18:24.157Z] Node Version:  v24.19.0
[debug] [2026-09-12T19:18:24.157Z] Detected Agent: unknown
[debug] [2026-09-12T19:18:24.157Z] Time:          Sat Sep 12 2026 21:18:24 GMT+0200 (Eastern European Standard Time)
[debug] [2026-09-12T19:18:24.157Z] ----------------------------------------------------------------------
[debug] 
[debug] [2026-09-12T19:18:24.169Z] >>> [apiv2][query] GET https://firebase-public.firebaseio.com/cli.json [none]
[info] 
     ######## #### ########  ######## ########     ###     ######  ########
     ##        ##  ##     ## ##       ##     ##  ##   ##  ##       ##
     ######    ##  ########  ######   ########  #########  ######  ######
     ##        ##  ##    ##  ##       ##     ## ##     ##       ## ##
     ##       #### ##     ## ######## ########  ##     ##  ######  ########

You're about to initialize a Firebase project in this directory:

  C:\Users\Gaming\Desktop\Folders-Z\userscript\Portfolio

Before we get started, keep in mind:

  * You are initializing within an existing Firebase project directory

[debug] [2026-09-12T19:18:46.588Z] <<< [apiv2][status] GET https://firebase-public.firebaseio.com/cli.json 200
[debug] [2026-09-12T19:18:46.589Z] <<< [apiv2][body] GET https://firebase-public.firebaseio.com/cli.json {"cloudBuildErrorAfter":1594252800000,"cloudBuildWarnAfter":1590019200000,"defaultNode10After":1594252800000,"minVersion":"3.0.5","node8DeploysDisabledAfter":1613390400000,"node8RuntimeDisabledAfter":1615809600000,"node8WarnAfter":1600128000000}
[info] 
=== Project Setup
[info] 
[info] First, let's associate this project directory with a Firebase project.
[info] You can create multiple project aliases by running firebase use --add, 
[info] 
[debug] [2026-09-12T19:19:15.782Z] > command requires scopes: ["email","openid","https://www.googleapis.com/auth/cloudplatformprojects.readonly","https://www.googleapis.com/auth/firebase","https://www.googleapis.com/auth/cloud-platform"]
[debug] [2026-09-12T19:19:15.782Z] > authorizing via signed-in user (usamau32o@gmail.com)
[debug] [2026-09-12T19:19:15.783Z] Checked if tokens are valid: true, expires at: 1789243678273
[debug] [2026-09-12T19:19:15.783Z] Checked if tokens are valid: true, expires at: 1789243678273
[debug] [2026-09-12T19:19:15.784Z] >>> [apiv2][query] GET https://firebase.googleapis.com/v1beta1/projects pageSize=100
[debug] [2026-09-12T19:19:17.141Z] <<< [apiv2][status] GET https://firebase.googleapis.com/v1beta1/projects 200
[debug] [2026-09-12T19:19:17.141Z] <<< [apiv2][body] GET https://firebase.googleapis.com/v1beta1/projects [omitted]
[info] 
=== Hosting Setup
[debug] [2026-09-12T19:19:29.686Z] Checked if tokens are valid: true, expires at: 1789243678273
[debug] [2026-09-12T19:19:29.686Z] Checked if tokens are valid: true, expires at: 1789243678273
[debug] [2026-09-12T19:19:29.686Z] >>> [apiv2][query] GET https://firebase.googleapis.com/v1beta1/projects/zeronux-3b7ff [none]
[debug] [2026-09-12T19:19:31.025Z] <<< [apiv2][status] GET https://firebase.googleapis.com/v1beta1/projects/zeronux-3b7ff 200
[debug] [2026-09-12T19:19:31.025Z] <<< [apiv2][body] GET https://firebase.googleapis.com/v1beta1/projects/zeronux-3b7ff {"projectId":"zeronux-3b7ff","projectNumber":"566081498269","displayName":"ZeroNux","name":"projects/zeronux-3b7ff","resources":{"hostingSite":"zeronux-3b7ff"},"state":"ACTIVE","labels":{"firebase":"enabled"},"etag":"1_78cfdcd4-4bc9-4890-b99a-630a17cc718d"}
[info] 
[info] Your public directory is the folder (relative to your project directory) that
[info] will contain Hosting assets to be uploaded with firebase deploy. If you
[info] have a build process for your assets, use your build's output directory.
[info] 
[info] 
[info] i  Didn't detect a .git folder. Assuming C:\Users\Gaming\Desktop\Folders-Z\userscript\Portfolio is the project root. 
[info] i  Authorizing with GitHub to upload your service account to a GitHub repository's secrets store. 
[info] 
[info] Visit this URL on this device to log in:
[info] https://github.com/login/oauth/authorize?client_id=89cf50f02ac6aaed3484&state=438421222&redirect_uri=http%3A%2F%2Flocalhost%3A9005&scope=read%3Auser%20repo%20public_repo
[info] 
[info] Waiting for authentication...
